------------------------------------------------------------
TimeQuest Timing Analyzer Summary
------------------------------------------------------------

Type  : Slow 1100mV 85C Model Setup 'simple_system:u0|simple_system_hps_0:hps_0|simple_system_hps_0_hps_io:hps_io|simple_system_hps_0_hps_io_border:border|hps_sdram:hps_sdram_inst|hps_sdram_pll:pll|afi_clk_write_clk'
Slack : 1.019
TNS   : 0.000

Type  : Slow 1100mV 85C Model Setup 'altera_reserved_tck'
Slack : 7.217
TNS   : 0.000

Type  : Slow 1100mV 85C Model Hold 'simple_system:u0|simple_system_hps_0:hps_0|simple_system_hps_0_hps_io:hps_io|simple_system_hps_0_hps_io_border:border|hps_sdram:hps_sdram_inst|hps_sdram_pll:pll|afi_clk_write_clk'
Slack : 0.240
TNS   : 0.000

Type  : Slow 1100mV 85C Model Hold 'altera_reserved_tck'
Slack : 0.260
TNS   : 0.000

Type  : Slow 1100mV 85C Model Recovery 'simple_system:u0|simple_system_hps_0:hps_0|simple_system_hps_0_hps_io:hps_io|simple_system_hps_0_hps_io_border:border|hps_sdram:hps_sdram_inst|hps_sdram_pll:pll|afi_clk_write_clk'
Slack : 4.381
TNS   : 0.000

Type  : Slow 1100mV 85C Model Recovery 'altera_reserved_tck'
Slack : 14.129
TNS   : 0.000

Type  : Slow 1100mV 85C Model Removal 'simple_system:u0|simple_system_hps_0:hps_0|simple_system_hps_0_hps_io:hps_io|simple_system_hps_0_hps_io_border:border|hps_sdram:hps_sdram_inst|hps_sdram_pll:pll|afi_clk_write_clk'
Slack : 0.470
TNS   : 0.000

Type  : Slow 1100mV 85C Model Removal 'altera_reserved_tck'
Slack : 0.639
TNS   : 0.000

Type  : Slow 1100mV 85C Model Minimum Pulse Width 'simple_system:u0|simple_system_hps_0:hps_0|simple_system_hps_0_hps_io:hps_io|simple_system_hps_0_hps_io_border:border|hps_sdram:hps_sdram_inst|hps_sdram_pll:pll|pll_write_clk_dq_write_clk'
Slack : 0.859
TNS   : 0.000

Type  : Slow 1100mV 85C Model Minimum Pulse Width 'simple_system:u0|simple_system_hps_0:hps_0|simple_system_hps_0_hps_io:hps_io|simple_system_hps_0_hps_io_border:border|hps_sdram:hps_sdram_inst|hps_sdram_pll:pll|afi_clk_write_clk'
Slack : 0.874
TNS   : 0.000

Type  : Slow 1100mV 85C Model Minimum Pulse Width 'altera_reserved_tck'
Slack : 15.517
TNS   : 0.000

Type  : Slow 1100mV 0C Model Setup 'simple_system:u0|simple_system_hps_0:hps_0|simple_system_hps_0_hps_io:hps_io|simple_system_hps_0_hps_io_border:border|hps_sdram:hps_sdram_inst|hps_sdram_pll:pll|afi_clk_write_clk'
Slack : 1.095
TNS   : 0.000

Type  : Slow 1100mV 0C Model Setup 'altera_reserved_tck'
Slack : 7.868
TNS   : 0.000

Type  : Slow 1100mV 0C Model Hold 'altera_reserved_tck'
Slack : 0.238
TNS   : 0.000

Type  : Slow 1100mV 0C Model Hold 'simple_system:u0|simple_system_hps_0:hps_0|simple_system_hps_0_hps_io:hps_io|simple_system_hps_0_hps_io_border:border|hps_sdram:hps_sdram_inst|hps_sdram_pll:pll|afi_clk_write_clk'
Slack : 0.259
TNS   : 0.000

Type  : Slow 1100mV 0C Model Recovery 'simple_system:u0|simple_system_hps_0:hps_0|simple_system_hps_0_hps_io:hps_io|simple_system_hps_0_hps_io_border:border|hps_sdram:hps_sdram_inst|hps_sdram_pll:pll|afi_clk_write_clk'
Slack : 4.474
TNS   : 0.000

Type  : Slow 1100mV 0C Model Recovery 'altera_reserved_tck'
Slack : 14.198
TNS   : 0.000

Type  : Slow 1100mV 0C Model Removal 'simple_system:u0|simple_system_hps_0:hps_0|simple_system_hps_0_hps_io:hps_io|simple_system_hps_0_hps_io_border:border|hps_sdram:hps_sdram_inst|hps_sdram_pll:pll|afi_clk_write_clk'
Slack : 0.460
TNS   : 0.000

Type  : Slow 1100mV 0C Model Removal 'altera_reserved_tck'
Slack : 0.557
TNS   : 0.000

Type  : Slow 1100mV 0C Model Minimum Pulse Width 'simple_system:u0|simple_system_hps_0:hps_0|simple_system_hps_0_hps_io:hps_io|simple_system_hps_0_hps_io_border:border|hps_sdram:hps_sdram_inst|hps_sdram_pll:pll|pll_write_clk_dq_write_clk'
Slack : 0.864
TNS   : 0.000

Type  : Slow 1100mV 0C Model Minimum Pulse Width 'simple_system:u0|simple_system_hps_0:hps_0|simple_system_hps_0_hps_io:hps_io|simple_system_hps_0_hps_io_border:border|hps_sdram:hps_sdram_inst|hps_sdram_pll:pll|afi_clk_write_clk'
Slack : 0.881
TNS   : 0.000

Type  : Slow 1100mV 0C Model Minimum Pulse Width 'altera_reserved_tck'
Slack : 15.494
TNS   : 0.000

Type  : Fast 1100mV 85C Model Setup 'simple_system:u0|simple_system_hps_0:hps_0|simple_system_hps_0_hps_io:hps_io|simple_system_hps_0_hps_io_border:border|hps_sdram:hps_sdram_inst|hps_sdram_pll:pll|afi_clk_write_clk'
Slack : 1.516
TNS   : 0.000

Type  : Fast 1100mV 85C Model Setup 'altera_reserved_tck'
Slack : 10.726
TNS   : 0.000

Type  : Fast 1100mV 85C Model Hold 'altera_reserved_tck'
Slack : 0.060
TNS   : 0.000

Type  : Fast 1100mV 85C Model Hold 'simple_system:u0|simple_system_hps_0:hps_0|simple_system_hps_0_hps_io:hps_io|simple_system_hps_0_hps_io_border:border|hps_sdram:hps_sdram_inst|hps_sdram_pll:pll|afi_clk_write_clk'
Slack : 0.132
TNS   : 0.000

Type  : Fast 1100mV 85C Model Recovery 'simple_system:u0|simple_system_hps_0:hps_0|simple_system_hps_0_hps_io:hps_io|simple_system_hps_0_hps_io_border:border|hps_sdram:hps_sdram_inst|hps_sdram_pll:pll|afi_clk_write_clk'
Slack : 4.733
TNS   : 0.000

Type  : Fast 1100mV 85C Model Recovery 'altera_reserved_tck'
Slack : 15.216
TNS   : 0.000

Type  : Fast 1100mV 85C Model Removal 'altera_reserved_tck'
Slack : 0.185
TNS   : 0.000

Type  : Fast 1100mV 85C Model Removal 'simple_system:u0|simple_system_hps_0:hps_0|simple_system_hps_0_hps_io:hps_io|simple_system_hps_0_hps_io_border:border|hps_sdram:hps_sdram_inst|hps_sdram_pll:pll|afi_clk_write_clk'
Slack : 0.497
TNS   : 0.000

Type  : Fast 1100mV 85C Model Minimum Pulse Width 'simple_system:u0|simple_system_hps_0:hps_0|simple_system_hps_0_hps_io:hps_io|simple_system_hps_0_hps_io_border:border|hps_sdram:hps_sdram_inst|hps_sdram_pll:pll|pll_write_clk_dq_write_clk'
Slack : 1.134
TNS   : 0.000

Type  : Fast 1100mV 85C Model Minimum Pulse Width 'simple_system:u0|simple_system_hps_0:hps_0|simple_system_hps_0_hps_io:hps_io|simple_system_hps_0_hps_io_border:border|hps_sdram:hps_sdram_inst|hps_sdram_pll:pll|afi_clk_write_clk'
Slack : 1.142
TNS   : 0.000

Type  : Fast 1100mV 85C Model Minimum Pulse Width 'altera_reserved_tck'
Slack : 15.526
TNS   : 0.000

Type  : Fast 1100mV 0C Model Setup 'simple_system:u0|simple_system_hps_0:hps_0|simple_system_hps_0_hps_io:hps_io|simple_system_hps_0_hps_io_border:border|hps_sdram:hps_sdram_inst|hps_sdram_pll:pll|afi_clk_write_clk'
Slack : 1.584
TNS   : 0.000

Type  : Fast 1100mV 0C Model Setup 'altera_reserved_tck'
Slack : 11.609
TNS   : 0.000

Type  : Fast 1100mV 0C Model Hold 'altera_reserved_tck'
Slack : 0.042
TNS   : 0.000

Type  : Fast 1100mV 0C Model Hold 'simple_system:u0|simple_system_hps_0:hps_0|simple_system_hps_0_hps_io:hps_io|simple_system_hps_0_hps_io_border:border|hps_sdram:hps_sdram_inst|hps_sdram_pll:pll|afi_clk_write_clk'
Slack : 0.132
TNS   : 0.000

Type  : Fast 1100mV 0C Model Recovery 'simple_system:u0|simple_system_hps_0:hps_0|simple_system_hps_0_hps_io:hps_io|simple_system_hps_0_hps_io_border:border|hps_sdram:hps_sdram_inst|hps_sdram_pll:pll|afi_clk_write_clk'
Slack : 4.831
TNS   : 0.000

Type  : Fast 1100mV 0C Model Recovery 'altera_reserved_tck'
Slack : 15.401
TNS   : 0.000

Type  : Fast 1100mV 0C Model Removal 'altera_reserved_tck'
Slack : 0.126
TNS   : 0.000

Type  : Fast 1100mV 0C Model Removal 'simple_system:u0|simple_system_hps_0:hps_0|simple_system_hps_0_hps_io:hps_io|simple_system_hps_0_hps_io_border:border|hps_sdram:hps_sdram_inst|hps_sdram_pll:pll|afi_clk_write_clk'
Slack : 0.473
TNS   : 0.000

Type  : Fast 1100mV 0C Model Minimum Pulse Width 'simple_system:u0|simple_system_hps_0:hps_0|simple_system_hps_0_hps_io:hps_io|simple_system_hps_0_hps_io_border:border|hps_sdram:hps_sdram_inst|hps_sdram_pll:pll|pll_write_clk_dq_write_clk'
Slack : 1.138
TNS   : 0.000

Type  : Fast 1100mV 0C Model Minimum Pulse Width 'simple_system:u0|simple_system_hps_0:hps_0|simple_system_hps_0_hps_io:hps_io|simple_system_hps_0_hps_io_border:border|hps_sdram:hps_sdram_inst|hps_sdram_pll:pll|afi_clk_write_clk'
Slack : 1.146
TNS   : 0.000

Type  : Fast 1100mV 0C Model Minimum Pulse Width 'altera_reserved_tck'
Slack : 15.564
TNS   : 0.000

------------------------------------------------------------
Info: see the "DDR report" for DDR timing results
------------------------------------------------------------
------------------------------------------------------------
